// Jest Snapshot v1, https://goo.gl/fbAQLP

exports[`MainTabNavigator renders without error 1`] = `
<RNCSafeAreaView
  onInsetsChange={[Function]}
  style={
    Object {
      "flex": 1,
    }
  }
>
  <View
    style={
      Object {
        "flex": 1,
        "overflow": "hidden",
      }
    }
  >
    <View
      style={
        Object {
          "flex": 1,
        }
      }
    >
      <View
        collapsable={false}
        pointerEvents="auto"
        removeClippedSubviews={false}
        style={
          Array [
            Object {
              "flex": 1,
              "overflow": "hidden",
            },
            null,
            Object {
              "bottom": 0,
              "left": 0,
              "position": "absolute",
              "right": 0,
              "top": 0,
            },
          ]
        }
      >
        <View
          style={
            Object {
              "flex": 1,
            }
          }
        >
          <View
            accessibilityElementsHidden={false}
            importantForAccessibility="auto"
            style={
              Array [
                Object {
                  "flex": 1,
                },
                Object {
                  "backgroundColor": "rgb(242, 242, 242)",
                },
              ]
            }
          >
            <View
              style={
                Object {
                  "flex": 1,
                }
              }
            >
              <View
                onLayout={[Function]}
                style={
                  Object {
                    "flex": 1,
                  }
                }
              >
                <View
                  pointerEvents="box-none"
                  style={
                    Object {
                      "bottom": 0,
                      "left": 0,
                      "position": "absolute",
                      "right": 0,
                      "top": 0,
                    }
                  }
                >
                  <View
                    accessibilityElementsHidden={false}
                    closing={false}
                    gestureVelocityImpact={0.3}
                    importantForAccessibility="auto"
                    onClose={[Function]}
                    onGestureBegin={[Function]}
                    onGestureCanceled={[Function]}
                    onOpen={[Function]}
                    onTransitionStart={[Function]}
                    pointerEvents="box-none"
                    style={
                      Object {
                        "bottom": 0,
                        "left": 0,
                        "position": "absolute",
                        "right": 0,
                        "top": 0,
                      }
                    }
                    transitionSpec={
                      Object {
                        "close": Object {
                          "animation": "spring",
                          "config": Object {
                            "damping": 500,
                            "mass": 3,
                            "overshootClamping": true,
                            "restDisplacementThreshold": 10,
                            "restSpeedThreshold": 10,
                            "stiffness": 1000,
                          },
                        },
                        "open": Object {
                          "animation": "spring",
                          "config": Object {
                            "damping": 500,
                            "mass": 3,
                            "overshootClamping": true,
                            "restDisplacementThreshold": 10,
                            "restSpeedThreshold": 10,
                            "stiffness": 1000,
                          },
                        },
                      }
                    }
                  >
                    <View
                      pointerEvents="box-none"
                      style={
                        Object {
                          "flex": 1,
                        }
                      }
                    >
                      <View
                        collapsable={false}
                        onGestureHandlerEvent={[Function]}
                        onGestureHandlerStateChange={[Function]}
                        style={
                          Object {
                            "flex": 1,
                            "transform": Array [
                              Object {
                                "translateX": 0,
                              },
                              Object {
                                "translateX": 0,
                              },
                            ],
                          }
                        }
                      >
                        <View
                          pointerEvents="none"
                          style={
                            Object {
                              "backgroundColor": "rgb(242, 242, 242)",
                              "bottom": 0,
                              "left": 0,
                              "position": "absolute",
                              "shadowColor": "#000",
                              "shadowOffset": Object {
                                "height": 1,
                                "width": -1,
                              },
                              "shadowOpacity": 0.3,
                              "shadowRadius": 5,
                              "top": 0,
                              "width": 3,
                            }
                          }
                        />
                        <View
                          style={
                            Array [
                              Object {
                                "flex": 1,
                                "overflow": "hidden",
                              },
                              Array [
                                Object {
                                  "backgroundColor": "rgb(242, 242, 242)",
                                },
                                undefined,
                              ],
                            ]
                          }
                        >
                          <View
                            style={
                              Object {
                                "flex": 1,
                                "flexDirection": "column-reverse",
                              }
                            }
                          >
                            <View
                              style={
                                Object {
                                  "flex": 1,
                                }
                              }
                            >
                              <RCTSafeAreaView
                                emulateUnlessSupported={true}
                                style={
                                  Object {
                                    "backgroundColor": "#fefefe",
                                    "flex": 1,
                                    "flexDirection": "column",
                                    "paddingBottom": 60,
                                  }
                                }
                              >
                                <View
                                  onLayout={[Function]}
                                  style={
                                    Array [
                                      Object {
                                        "backgroundColor": "#fefefe",
                                        "flex": 1,
                                        "flexDirection": "column",
                                        "paddingBottom": 60,
                                      },
                                      Object {
                                        "paddingBottom": 0,
                                      },
                                    ]
                                  }
                                >
                                  <View
                                    style={
                                      Array [
                                        Object {
                                          "backgroundColor": "#fefefe",
                                          "flex": 1,
                                          "paddingLeft": 20,
                                          "paddingRight": 20,
                                        },
                                        Object {
                                          "padding": 20,
                                        },
                                      ]
                                    }
                                  >
                                    <View
                                      style={
                                        Object {
                                          "alignItems": "center",
                                          "flex": 1,
                                          "justifyContent": "center",
                                        }
                                      }
                                    >
                                      <Text
                                        style={
                                          Array [
                                            Object {
                                              "color": "#4D5061",
                                              "fontFamily": "apercu",
                                              "fontSize": 16,
                                              "marginBottom": 1,
                                              "marginTop": 1,
                                            },
                                            Object {
                                              "marginBottom": 20,
                                            },
                                          ]
                                        }
                                      >
                                        Loading timetable...
                                      </Text>
                                      <ActivityIndicator
                                        animating={true}
                                        color="#999999"
                                        hidesWhenStopped={true}
                                        size="large"
                                      />
                                    </View>
                                  </View>
                                </View>
                              </RCTSafeAreaView>
                            </View>
                          </View>
                        </View>
                      </View>
                    </View>
                  </View>
                </View>
              </View>
              <View
                pointerEvents="box-none"
                style={
                  Object {
                    "left": 0,
                    "position": "absolute",
                    "right": 0,
                    "top": 0,
                  }
                }
              >
                <View
                  accessibilityElementsHidden={false}
                  importantForAccessibility="auto"
                  onLayout={[Function]}
                  pointerEvents="box-none"
                  style={null}
                />
              </View>
            </View>
          </View>
        </View>
      </View>
    </View>
    <View
      pointerEvents="auto"
      style={
        Object {
          "backgroundColor": "#ced0d9",
          "borderTopColor": "rgb(224, 224, 224)",
          "borderTopWidth": 0.5,
          "bottom": 0,
          "elevation": 8,
          "height": 60,
          "left": 0,
          "paddingBottom": 0,
          "paddingHorizontal": 0,
          "position": "absolute",
          "right": 0,
          "transform": Array [
            Object {
              "translateY": 0,
            },
          ],
        }
      }
    >
      <View
        onLayout={[Function]}
        style={
          Object {
            "flex": 1,
            "flexDirection": "row",
          }
        }
      >
        <View
          accessibilityLabel="Timetable, tab, 1 of 5"
          accessibilityRole="button"
          accessibilityStates={
            Array [
              "selected",
            ]
          }
          accessible={true}
          focusable={true}
          onClick={[Function]}
          onResponderGrant={[Function]}
          onResponderMove={[Function]}
          onResponderRelease={[Function]}
          onResponderTerminate={[Function]}
          onResponderTerminationRequest={[Function]}
          onStartShouldSetResponder={[Function]}
          style={
            Array [
              Object {
                "alignItems": "center",
                "flex": 1,
              },
              Object {
                "backgroundColor": "#1B998B",
              },
              Object {
                "flexDirection": "column",
                "justifyContent": "flex-end",
              },
              Object {
                "paddingBottom": 5,
                "paddingTop": 5,
              },
            ]
          }
        >
          <View
            style={
              Object {
                "flex": 1,
              }
            }
          >
            <View
              style={
                Array [
                  Object {
                    "alignItems": "center",
                    "alignSelf": "center",
                    "height": "100%",
                    "justifyContent": "center",
                    "minWidth": 25,
                    "position": "absolute",
                    "width": "100%",
                  },
                  Object {
                    "opacity": 1,
                  },
                ]
              }
            >
              <Text />
            </View>
            <View
              style={
                Array [
                  Object {
                    "alignItems": "center",
                    "alignSelf": "center",
                    "height": "100%",
                    "justifyContent": "center",
                    "minWidth": 25,
                    "position": "absolute",
                    "width": "100%",
                  },
                  Object {
                    "opacity": 0,
                  },
                ]
              }
            >
              <Text />
            </View>
          </View>
          <Text
            allowFontScaling={false}
            numberOfLines={1}
            style={
              Array [
                Object {
                  "backgroundColor": "transparent",
                  "textAlign": "center",
                },
                Object {
                  "color": "#fefefe",
                },
                Object {
                  "fontSize": 11,
                  "marginBottom": 1.5,
                },
                Object {
                  "fontFamily": "apercu",
                },
              ]
            }
          >
            Timetable
          </Text>
        </View>
        <View
          accessibilityLabel="StudySpaces, tab, 2 of 5"
          accessibilityRole="button"
          accessibilityStates={Array []}
          accessible={true}
          focusable={true}
          onClick={[Function]}
          onResponderGrant={[Function]}
          onResponderMove={[Function]}
          onResponderRelease={[Function]}
          onResponderTerminate={[Function]}
          onResponderTerminationRequest={[Function]}
          onStartShouldSetResponder={[Function]}
          style={
            Array [
              Object {
                "alignItems": "center",
                "flex": 1,
              },
              Object {
                "backgroundColor": "#ced0d9",
              },
              Object {
                "flexDirection": "column",
                "justifyContent": "flex-end",
              },
              Object {
                "paddingBottom": 5,
                "paddingTop": 5,
              },
            ]
          }
        >
          <View
            style={
              Object {
                "flex": 1,
              }
            }
          >
            <View
              style={
                Array [
                  Object {
                    "alignItems": "center",
                    "alignSelf": "center",
                    "height": "100%",
                    "justifyContent": "center",
                    "minWidth": 25,
                    "position": "absolute",
                    "width": "100%",
                  },
                  Object {
                    "opacity": 0,
                  },
                ]
              }
            >
              <Text />
            </View>
            <View
              style={
                Array [
                  Object {
                    "alignItems": "center",
                    "alignSelf": "center",
                    "height": "100%",
                    "justifyContent": "center",
                    "minWidth": 25,
                    "position": "absolute",
                    "width": "100%",
                  },
                  Object {
                    "opacity": 1,
                  },
                ]
              }
            >
              <Text />
            </View>
          </View>
          <Text
            allowFontScaling={false}
            numberOfLines={1}
            style={
              Array [
                Object {
                  "backgroundColor": "transparent",
                  "textAlign": "center",
                },
                Object {
                  "color": "#4D5061",
                },
                Object {
                  "fontSize": 11,
                  "marginBottom": 1.5,
                },
                Object {
                  "fontFamily": "apercu",
                },
              ]
            }
          >
            StudySpaces
          </Text>
        </View>
        <View
          accessibilityLabel="People, tab, 3 of 5"
          accessibilityRole="button"
          accessibilityStates={Array []}
          accessible={true}
          focusable={true}
          onClick={[Function]}
          onResponderGrant={[Function]}
          onResponderMove={[Function]}
          onResponderRelease={[Function]}
          onResponderTerminate={[Function]}
          onResponderTerminationRequest={[Function]}
          onStartShouldSetResponder={[Function]}
          style={
            Array [
              Object {
                "alignItems": "center",
                "flex": 1,
              },
              Object {
                "backgroundColor": "#ced0d9",
              },
              Object {
                "flexDirection": "column",
                "justifyContent": "flex-end",
              },
              Object {
                "paddingBottom": 5,
                "paddingTop": 5,
              },
            ]
          }
        >
          <View
            style={
              Object {
                "flex": 1,
              }
            }
          >
            <View
              style={
                Array [
                  Object {
                    "alignItems": "center",
                    "alignSelf": "center",
                    "height": "100%",
                    "justifyContent": "center",
                    "minWidth": 25,
                    "position": "absolute",
                    "width": "100%",
                  },
                  Object {
                    "opacity": 0,
                  },
                ]
              }
            >
              <Text />
            </View>
            <View
              style={
                Array [
                  Object {
                    "alignItems": "center",
                    "alignSelf": "center",
                    "height": "100%",
                    "justifyContent": "center",
                    "minWidth": 25,
                    "position": "absolute",
                    "width": "100%",
                  },
                  Object {
                    "opacity": 1,
                  },
                ]
              }
            >
              <Text />
            </View>
          </View>
          <Text
            allowFontScaling={false}
            numberOfLines={1}
            style={
              Array [
                Object {
                  "backgroundColor": "transparent",
                  "textAlign": "center",
                },
                Object {
                  "color": "#4D5061",
                },
                Object {
                  "fontSize": 11,
                  "marginBottom": 1.5,
                },
                Object {
                  "fontFamily": "apercu",
                },
              ]
            }
          >
            People
          </Text>
        </View>
        <View
          accessibilityLabel="Rooms, tab, 4 of 5"
          accessibilityRole="button"
          accessibilityStates={Array []}
          accessible={true}
          focusable={true}
          onClick={[Function]}
          onResponderGrant={[Function]}
          onResponderMove={[Function]}
          onResponderRelease={[Function]}
          onResponderTerminate={[Function]}
          onResponderTerminationRequest={[Function]}
          onStartShouldSetResponder={[Function]}
          style={
            Array [
              Object {
                "alignItems": "center",
                "flex": 1,
              },
              Object {
                "backgroundColor": "#ced0d9",
              },
              Object {
                "flexDirection": "column",
                "justifyContent": "flex-end",
              },
              Object {
                "paddingBottom": 5,
                "paddingTop": 5,
              },
            ]
          }
        >
          <View
            style={
              Object {
                "flex": 1,
              }
            }
          >
            <View
              style={
                Array [
                  Object {
                    "alignItems": "center",
                    "alignSelf": "center",
                    "height": "100%",
                    "justifyContent": "center",
                    "minWidth": 25,
                    "position": "absolute",
                    "width": "100%",
                  },
                  Object {
                    "opacity": 0,
                  },
                ]
              }
            >
              <Text />
            </View>
            <View
              style={
                Array [
                  Object {
                    "alignItems": "center",
                    "alignSelf": "center",
                    "height": "100%",
                    "justifyContent": "center",
                    "minWidth": 25,
                    "position": "absolute",
                    "width": "100%",
                  },
                  Object {
                    "opacity": 1,
                  },
                ]
              }
            >
              <Text />
            </View>
          </View>
          <Text
            allowFontScaling={false}
            numberOfLines={1}
            style={
              Array [
                Object {
                  "backgroundColor": "transparent",
                  "textAlign": "center",
                },
                Object {
                  "color": "#4D5061",
                },
                Object {
                  "fontSize": 11,
                  "marginBottom": 1.5,
                },
                Object {
                  "fontFamily": "apercu",
                },
              ]
            }
          >
            Rooms
          </Text>
        </View>
        <View
          accessibilityLabel="Settings, tab, 5 of 5"
          accessibilityRole="button"
          accessibilityStates={Array []}
          accessible={true}
          focusable={true}
          onClick={[Function]}
          onResponderGrant={[Function]}
          onResponderMove={[Function]}
          onResponderRelease={[Function]}
          onResponderTerminate={[Function]}
          onResponderTerminationRequest={[Function]}
          onStartShouldSetResponder={[Function]}
          style={
            Array [
              Object {
                "alignItems": "center",
                "flex": 1,
              },
              Object {
                "backgroundColor": "#ced0d9",
              },
              Object {
                "flexDirection": "column",
                "justifyContent": "flex-end",
              },
              Object {
                "paddingBottom": 5,
                "paddingTop": 5,
              },
            ]
          }
        >
          <View
            style={
              Object {
                "flex": 1,
              }
            }
          >
            <View
              style={
                Array [
                  Object {
                    "alignItems": "center",
                    "alignSelf": "center",
                    "height": "100%",
                    "justifyContent": "center",
                    "minWidth": 25,
                    "position": "absolute",
                    "width": "100%",
                  },
                  Object {
                    "opacity": 0,
                  },
                ]
              }
            >
              <Text />
            </View>
            <View
              style={
                Array [
                  Object {
                    "alignItems": "center",
                    "alignSelf": "center",
                    "height": "100%",
                    "justifyContent": "center",
                    "minWidth": 25,
                    "position": "absolute",
                    "width": "100%",
                  },
                  Object {
                    "opacity": 1,
                  },
                ]
              }
            >
              <Text />
            </View>
          </View>
          <Text
            allowFontScaling={false}
            numberOfLines={1}
            style={
              Array [
                Object {
                  "backgroundColor": "transparent",
                  "textAlign": "center",
                },
                Object {
                  "color": "#4D5061",
                },
                Object {
                  "fontSize": 11,
                  "marginBottom": 1.5,
                },
                Object {
                  "fontFamily": "apercu",
                },
              ]
            }
          >
            Settings
          </Text>
        </View>
      </View>
    </View>
  </View>
</RNCSafeAreaView>
`;
