// Jest Snapshot v1, https://goo.gl/fbAQLP

exports[`PersonDetailScreen renders fine 1`] = `
<RCTSafeAreaView
  emulateUnlessSupported={true}
  style={
    Object {
      "backgroundColor": "#fefefe",
      "flex": 1,
      "flexDirection": "column",
    }
  }
>
  <View
    onLayout={[Function]}
    style={
      Array [
        Object {
          "backgroundColor": "#fefefe",
          "flex": 1,
          "flexDirection": "column",
        },
        Object {
          "paddingBottom": 0,
        },
      ]
    }
  >
    <View
      style={
        Array [
          Object {
            "backgroundColor": "#fefefe",
            "flex": 1,
            "paddingLeft": 20,
            "paddingRight": 20,
          },
          undefined,
        ]
      }
    >
      <View
        style={
          Object {
            "flex": 1,
            "paddingBottom": 40,
            "paddingTop": 40,
          }
        }
      >
        <Text
          style={
            Array [
              Object {
                "color": "#4D5061",
                "fontFamily": "apercu-bold",
                "fontSize": 35,
                "marginBottom": 10,
                "marginTop": 1,
              },
              Object {},
            ]
          }
        >
          Jack Cloth
        </Text>
        <Text
          style={
            Array [
              Object {
                "color": "#4D5061",
                "fontFamily": "apercu",
                "fontSize": 16,
                "marginBottom": 1,
                "marginTop": 1,
              },
              undefined,
            ]
          }
        >
          Detective Inspector, City of Town PD
        </Text>
        <Text
          style={
            Array [
              Object {
                "color": "#4D5061",
                "fontFamily": "apercu",
                "fontSize": 16,
                "marginBottom": 1,
                "marginTop": 1,
              },
              undefined,
            ]
          }
        >
          Email: j.cloth@city.town.uk
        </Text>
        <View
          style={
            Object {
              "flex": 1,
            }
          }
        />
        <View
          accessible={true}
          focusable={true}
          onClick={[Function]}
          onResponderGrant={[Function]}
          onResponderMove={[Function]}
          onResponderRelease={[Function]}
          onResponderTerminate={[Function]}
          onResponderTerminationRequest={[Function]}
          onStartShouldSetResponder={[Function]}
          style={
            Object {
              "backgroundColor": "transparent",
              "opacity": 1,
            }
          }
        >
          <ViewManagerAdapter_ExpoLinearGradient
            proxiedProperties={
              Object {
                "colors": Array [
                  4279998859,
                  4283151357,
                ],
                "endPoint": Array [
                  1,
                  0,
                ],
                "locations": undefined,
                "startPoint": Array [
                  0,
                  1,
                ],
              }
            }
            style={
              Array [
                Object {
                  "alignItems": "center",
                  "borderRadius": 8,
                  "elevation": 2,
                  "flexDirection": "row",
                  "justifyContent": "center",
                  "marginBottom": 5,
                  "marginTop": 5,
                  "minHeight": 55,
                  "minWidth": 150,
                  "padding": 8,
                  "paddingLeft": 16,
                  "paddingRight": 16,
                  "shadowColor": "#1B998B",
                  "shadowOffset": Object {
                    "height": 2,
                    "width": 0,
                  },
                  "shadowOpacity": 0.75,
                  "shadowRadius": 3,
                },
                undefined,
              ]
            }
          >
            <Text
              allowFontScaling={false}
              style={
                Array [
                  Object {
                    "color": "#fefefe",
                    "fontSize": 24,
                  },
                  Object {
                    "marginLeft": 5,
                    "marginRight": 5,
                  },
                  Object {
                    "fontFamily": "feather",
                    "fontStyle": "normal",
                    "fontWeight": "normal",
                  },
                  Object {},
                ]
              }
            >
              ï†Œ
            </Text>
            <Text
              style={
                Array [
                  Object {
                    "color": "#fefefe",
                    "fontFamily": "apercu",
                    "fontSize": 20,
                    "marginBottom": 1,
                    "marginTop": 1,
                    "textAlign": "center",
                  },
                  undefined,
                ]
              }
            >
              Send Email
            </Text>
          </ViewManagerAdapter_ExpoLinearGradient>
        </View>
      </View>
    </View>
  </View>
</RCTSafeAreaView>
`;
