// Jest Snapshot v1, https://goo.gl/fbAQLP

exports[`renders the loading screen 1`] = `null`;

exports[`renders the root without loading screen 1`] = `
<View
  style={
    Object {
      "backgroundColor": "#fefefe",
      "flex": 1,
    }
  }
>
  <View
    style={
      Object {
        "flex": 1,
      }
    }
  >
    <RNCSafeAreaView
      onInsetsChange={[Function]}
      style={
        Object {
          "flex": 1,
        }
      }
    >
      <View
        onLayout={[Function]}
        style={
          Object {
            "flex": 1,
          }
        }
      >
        <View
          pointerEvents="box-none"
          style={
            Object {
              "bottom": 0,
              "left": 0,
              "position": "absolute",
              "right": 0,
              "top": 0,
            }
          }
        >
          <View
            accessibilityElementsHidden={false}
            closing={false}
            gestureVelocityImpact={0.3}
            importantForAccessibility="auto"
            onClose={[Function]}
            onGestureBegin={[Function]}
            onGestureCanceled={[Function]}
            onOpen={[Function]}
            onTransitionStart={[Function]}
            pointerEvents="box-none"
            style={
              Object {
                "bottom": 0,
                "left": 0,
                "position": "absolute",
                "right": 0,
                "top": 0,
              }
            }
            transitionSpec={
              Object {
                "close": Object {
                  "animation": "spring",
                  "config": Object {
                    "damping": 500,
                    "mass": 3,
                    "overshootClamping": true,
                    "restDisplacementThreshold": 10,
                    "restSpeedThreshold": 10,
                    "stiffness": 1000,
                  },
                },
                "open": Object {
                  "animation": "spring",
                  "config": Object {
                    "damping": 500,
                    "mass": 3,
                    "overshootClamping": true,
                    "restDisplacementThreshold": 10,
                    "restSpeedThreshold": 10,
                    "stiffness": 1000,
                  },
                },
              }
            }
          >
            <View
              pointerEvents="box-none"
              style={
                Object {
                  "flex": 1,
                }
              }
            >
              <View
                collapsable={false}
                onGestureHandlerEvent={[Function]}
                onGestureHandlerStateChange={[Function]}
                style={
                  Object {
                    "flex": 1,
                    "transform": Array [
                      Object {
                        "translateX": 0,
                      },
                      Object {
                        "translateX": 0,
                      },
                    ],
                  }
                }
              >
                <View
                  pointerEvents="none"
                  style={
                    Object {
                      "backgroundColor": "rgb(242, 242, 242)",
                      "bottom": 0,
                      "left": 0,
                      "position": "absolute",
                      "shadowColor": "#000",
                      "shadowOffset": Object {
                        "height": 1,
                        "width": -1,
                      },
                      "shadowOpacity": 0.3,
                      "shadowRadius": 5,
                      "top": 0,
                      "width": 3,
                    }
                  }
                />
                <View
                  style={
                    Array [
                      Object {
                        "flex": 1,
                        "overflow": "hidden",
                      },
                      Array [
                        Object {
                          "backgroundColor": "rgb(242, 242, 242)",
                        },
                        undefined,
                      ],
                    ]
                  }
                >
                  <View
                    style={
                      Object {
                        "flex": 1,
                        "flexDirection": "column-reverse",
                      }
                    }
                  >
                    <View
                      style={
                        Object {
                          "flex": 1,
                        }
                      }
                    >
                      <ViewManagerAdapter_ExpoLinearGradient
                        proxiedProperties={
                          Object {
                            "colors": Array [
                              4279998859,
                              4283151357,
                            ],
                            "endPoint": Array [
                              1,
                              0,
                            ],
                            "locations": undefined,
                            "startPoint": Array [
                              0,
                              1,
                            ],
                          }
                        }
                        style={
                          Array [
                            Object {
                              "backgroundColor": "#fefefe",
                              "flex": 1,
                              "paddingLeft": 20,
                              "paddingRight": 20,
                            },
                            Object {
                              "paddingBottom": 20,
                              "paddingTop": 60,
                            },
                          ]
                        }
                      >
                        <RCTSafeAreaView
                          emulateUnlessSupported={true}
                          style={
                            Object {
                              "flex": 1,
                            }
                          }
                        >
                          <Image
                            resizeMethod="scale"
                            resizeMode="contain"
                            source={1}
                            style={
                              Object {
                                "alignSelf": "stretch",
                                "backgroundColor": "rgba(0,0,0,0)",
                                "flex": 1,
                                "height": undefined,
                                "marginTop": 50,
                                "width": undefined,
                              }
                            }
                          />
                          <Text
                            style={
                              Array [
                                Object {
                                  "color": "#4D5061",
                                  "fontFamily": "apercu-bold",
                                  "fontSize": 28,
                                  "marginBottom": 2,
                                  "marginTop": 8,
                                },
                                Object {
                                  "color": "#fefefe",
                                  "textAlign": "center",
                                },
                              ]
                            }
                          >
                            One app to manage your life at UCL
                          </Text>
                          <View
                            style={
                              Object {
                                "flex": 1,
                              }
                            }
                          />
                          <View
                            accessible={true}
                            focusable={true}
                            isTVSelectable={true}
                            onClick={[Function]}
                            onResponderGrant={[Function]}
                            onResponderMove={[Function]}
                            onResponderRelease={[Function]}
                            onResponderTerminate={[Function]}
                            onResponderTerminationRequest={[Function]}
                            onStartShouldSetResponder={[Function]}
                            style={
                              Object {
                                "backgroundColor": "transparent",
                                "opacity": 1,
                              }
                            }
                          >
                            <ViewManagerAdapter_ExpoLinearGradient
                              proxiedProperties={
                                Object {
                                  "colors": Array [
                                    4279998859,
                                    4283151357,
                                  ],
                                  "endPoint": Array [
                                    1,
                                    0,
                                  ],
                                  "locations": undefined,
                                  "startPoint": Array [
                                    0,
                                    1,
                                  ],
                                }
                              }
                              style={
                                Array [
                                  Object {
                                    "alignItems": "center",
                                    "borderRadius": 8,
                                    "elevation": 2,
                                    "flexDirection": "row",
                                    "justifyContent": "center",
                                    "marginBottom": 5,
                                    "marginTop": 5,
                                    "minHeight": 55,
                                    "minWidth": 150,
                                    "padding": 8,
                                    "paddingLeft": 16,
                                    "paddingRight": 16,
                                    "shadowColor": "#1B998B",
                                    "shadowOffset": Object {
                                      "height": 2,
                                      "width": 0,
                                    },
                                    "shadowOpacity": 0.75,
                                    "shadowRadius": 3,
                                  },
                                  Object {
                                    "borderColor": "#fefefe",
                                    "borderWidth": 2,
                                  },
                                ]
                              }
                            >
                              <View
                                style={
                                  Array [
                                    Object {
                                      "alignItems": "center",
                                      "flexDirection": "row",
                                      "justifyContent": "center",
                                    },
                                    Object {},
                                  ]
                                }
                              >
                                <Image
                                  resizeMethod="scale"
                                  resizeMode="contain"
                                  source={1}
                                  style={
                                    Array [
                                      Object {
                                        "alignSelf": "stretch",
                                        "backgroundColor": "rgba(0,0,0,0)",
                                        "flex": 1,
                                        "height": undefined,
                                        "marginTop": 50,
                                        "width": undefined,
                                      },
                                      Object {
                                        "alignSelf": "center",
                                        "flexBasis": 20,
                                        "flexGrow": 0,
                                        "height": 20,
                                        "marginRight": 5,
                                        "marginTop": 0,
                                      },
                                    ]
                                  }
                                />
                                <Text
                                  style={
                                    Array [
                                      Object {
                                        "color": "#fefefe",
                                        "fontFamily": "apercu",
                                        "fontSize": 20,
                                        "marginBottom": 1,
                                        "marginTop": 1,
                                        "textAlign": "center",
                                      },
                                      Object {},
                                    ]
                                  }
                                >
                                  Sign In With UCL
                                </Text>
                              </View>
                            </ViewManagerAdapter_ExpoLinearGradient>
                          </View>
                          <View
                            style={
                              Object {
                                "flexDirection": "row",
                                "flexWrap": "wrap",
                                "marginTop": 20,
                              }
                            }
                          >
                            <Text
                              style={
                                Array [
                                  Object {
                                    "color": "#4D5061",
                                    "fontFamily": "apercu",
                                    "fontSize": 16,
                                    "marginBottom": 1,
                                    "marginTop": 1,
                                  },
                                  Object {
                                    "color": "#fff",
                                  },
                                ]
                              }
                            >
                              By signing into this app, you agree to 
                            </Text>
                            <View
                              accessible={true}
                              focusable={true}
                              isTVSelectable={true}
                              onClick={[Function]}
                              onResponderGrant={[Function]}
                              onResponderMove={[Function]}
                              onResponderRelease={[Function]}
                              onResponderTerminate={[Function]}
                              onResponderTerminationRequest={[Function]}
                              onStartShouldSetResponder={[Function]}
                              style={
                                Object {
                                  "opacity": 1,
                                }
                              }
                            >
                              <Text
                                style={
                                  Array [
                                    Object {
                                      "color": "#4D5061",
                                      "fontFamily": "apercu",
                                      "fontSize": 16,
                                      "marginBottom": 1,
                                      "marginTop": 1,
                                    },
                                    Object {
                                      "color": "#2980b9",
                                    },
                                    Object {
                                      "color": "#fff",
                                      "textDecorationLine": "underline",
                                    },
                                  ]
                                }
                              >
                                UCL API's terms & conditions.
                              </Text>
                            </View>
                          </View>
                        </RCTSafeAreaView>
                      </ViewManagerAdapter_ExpoLinearGradient>
                    </View>
                  </View>
                </View>
              </View>
            </View>
          </View>
        </View>
      </View>
    </RNCSafeAreaView>
  </View>
</View>
`;
