// Jest Snapshot v1, https://goo.gl/fbAQLP

exports[`StudySpacesNoticeScreen renders the StudySpacesNoticeScreen 1`] = `
Array [
  <RCTSafeAreaView
    emulateUnlessSupported={true}
    style={
      Object {
        "backgroundColor": "#fefefe",
        "flex": 0,
      }
    }
  />,
  <RCTSafeAreaView
    emulateUnlessSupported={true}
    style={
      Object {
        "flex": 1,
      }
    }
  >
    <View
      onLayout={[Function]}
      style={
        Array [
          Object {
            "backgroundColor": "#fefefe",
            "flex": 1,
            "flexDirection": "column",
          },
          Object {
            "paddingBottom": 0,
          },
        ]
      }
    >
      <RCTScrollView
        contentContainerStyle={
          Array [
            Object {
              "paddingBottom": 60,
              "paddingLeft": 20,
              "paddingRight": 20,
              "paddingTop": 20,
            },
            undefined,
          ]
        }
        keyboardDismissMode="on-drag"
        refreshControl={null}
        style={
          Array [
            Object {
              "backgroundColor": "#fefefe",
              "flex": 1,
              "paddingLeft": 0,
              "paddingRight": 0,
            },
            undefined,
          ]
        }
      >
        <View>
          <View
            style={Object {}}
          >
            <Text
              style={
                Array [
                  Object {
                    "color": "#4D5061",
                    "fontFamily": "apercu-bold",
                    "fontSize": 28,
                    "marginBottom": 2,
                    "marginTop": 8,
                  },
                  undefined,
                ]
              }
            >
              StudySpaces
            </Text>
            <Image
              resizeMethod="scale"
              resizeMode="contain"
              source={1}
              style={
                Object {
                  "alignSelf": "center",
                  "height": 200,
                  "marginTop": 5,
                  "width": 200,
                }
              }
            />
            <Text
              style={
                Array [
                  Object {
                    "color": "#4D5061",
                    "fontFamily": "apercu",
                    "fontSize": 16,
                    "marginBottom": 1,
                    "marginTop": 1,
                  },
                  Object {
                    "marginBottom": 10,
                    "marginTop": 10,
                  },
                ]
              }
            >
              Study spaces in libraries and in the various academic buildings are not available for walk-in use during the ongoing pandemic. They must be booked in advance.
            </Text>
            <View
              style={
                Object {
                  "flexDirection": "row",
                  "flexWrap": "wrap",
                }
              }
            >
              <Text
                style={
                  Array [
                    Object {
                      "color": "#4D5061",
                      "fontFamily": "apercu",
                      "fontSize": 16,
                      "marginBottom": 1,
                      "marginTop": 1,
                    },
                    undefined,
                  ]
                }
              >
                You
                 
              </Text>
              <Text
                style={
                  Array [
                    Object {
                      "color": "#4D5061",
                      "fontFamily": "apercu",
                      "fontSize": 16,
                      "marginBottom": 1,
                      "marginTop": 1,
                    },
                    undefined,
                  ]
                }
              >
                can
                 
              </Text>
              <Text
                style={
                  Array [
                    Object {
                      "color": "#4D5061",
                      "fontFamily": "apercu",
                      "fontSize": 16,
                      "marginBottom": 1,
                      "marginTop": 1,
                    },
                    undefined,
                  ]
                }
              >
                find
                 
              </Text>
              <Text
                style={
                  Array [
                    Object {
                      "color": "#4D5061",
                      "fontFamily": "apercu",
                      "fontSize": 16,
                      "marginBottom": 1,
                      "marginTop": 1,
                    },
                    undefined,
                  ]
                }
              >
                out
                 
              </Text>
              <Text
                style={
                  Array [
                    Object {
                      "color": "#4D5061",
                      "fontFamily": "apercu",
                      "fontSize": 16,
                      "marginBottom": 1,
                      "marginTop": 1,
                    },
                    undefined,
                  ]
                }
              >
                more
                 
              </Text>
              <Text
                style={
                  Array [
                    Object {
                      "color": "#4D5061",
                      "fontFamily": "apercu",
                      "fontSize": 16,
                      "marginBottom": 1,
                      "marginTop": 1,
                    },
                    undefined,
                  ]
                }
              >
                about
                 
              </Text>
              <Text
                style={
                  Array [
                    Object {
                      "color": "#4D5061",
                      "fontFamily": "apercu",
                      "fontSize": 16,
                      "marginBottom": 1,
                      "marginTop": 1,
                    },
                    undefined,
                  ]
                }
              >
                the
                 
              </Text>
              <Text
                style={
                  Array [
                    Object {
                      "color": "#4D5061",
                      "fontFamily": "apercu",
                      "fontSize": 16,
                      "marginBottom": 1,
                      "marginTop": 1,
                    },
                    undefined,
                  ]
                }
              >
                current
                 
              </Text>
              <Text
                style={
                  Array [
                    Object {
                      "color": "#4D5061",
                      "fontFamily": "apercu",
                      "fontSize": 16,
                      "marginBottom": 1,
                      "marginTop": 1,
                    },
                    undefined,
                  ]
                }
              >
                policy
                 
              </Text>
              <Text
                style={
                  Array [
                    Object {
                      "color": "#4D5061",
                      "fontFamily": "apercu",
                      "fontSize": 16,
                      "marginBottom": 1,
                      "marginTop": 1,
                    },
                    undefined,
                  ]
                }
              >
                around
                 
              </Text>
              <Text
                style={
                  Array [
                    Object {
                      "color": "#4D5061",
                      "fontFamily": "apercu",
                      "fontSize": 16,
                      "marginBottom": 1,
                      "marginTop": 1,
                    },
                    undefined,
                  ]
                }
              >
                using
                 
              </Text>
              <Text
                style={
                  Array [
                    Object {
                      "color": "#4D5061",
                      "fontFamily": "apercu",
                      "fontSize": 16,
                      "marginBottom": 1,
                      "marginTop": 1,
                    },
                    undefined,
                  ]
                }
              >
                the
                 
              </Text>
              <Text
                style={
                  Array [
                    Object {
                      "color": "#4D5061",
                      "fontFamily": "apercu",
                      "fontSize": 16,
                      "marginBottom": 1,
                      "marginTop": 1,
                    },
                    undefined,
                  ]
                }
              >
                study
                 
              </Text>
              <Text
                style={
                  Array [
                    Object {
                      "color": "#4D5061",
                      "fontFamily": "apercu",
                      "fontSize": 16,
                      "marginBottom": 1,
                      "marginTop": 1,
                    },
                    undefined,
                  ]
                }
              >
                spaces
                 
              </Text>
              <Text
                style={
                  Array [
                    Object {
                      "color": "#4D5061",
                      "fontFamily": "apercu",
                      "fontSize": 16,
                      "marginBottom": 1,
                      "marginTop": 1,
                    },
                    undefined,
                  ]
                }
              >
                on
                 
              </Text>
              <Text
                style={
                  Array [
                    Object {
                      "color": "#4D5061",
                      "fontFamily": "apercu",
                      "fontSize": 16,
                      "marginBottom": 1,
                      "marginTop": 1,
                    },
                    undefined,
                  ]
                }
              >
                the
                 
              </Text>
              <View
                accessible={true}
                focusable={true}
                onClick={[Function]}
                onResponderGrant={[Function]}
                onResponderMove={[Function]}
                onResponderRelease={[Function]}
                onResponderTerminate={[Function]}
                onResponderTerminationRequest={[Function]}
                onStartShouldSetResponder={[Function]}
                style={
                  Object {
                    "opacity": 1,
                  }
                }
              >
                <Text
                  style={
                    Array [
                      Object {
                        "color": "#4D5061",
                        "fontFamily": "apercu",
                        "fontSize": 16,
                        "marginBottom": 1,
                        "marginTop": 1,
                      },
                      Object {
                        "color": "#2980b9",
                      },
                      Object {},
                    ]
                  }
                >
                  Library
                   
                </Text>
              </View>
              <View
                accessible={true}
                focusable={true}
                onClick={[Function]}
                onResponderGrant={[Function]}
                onResponderMove={[Function]}
                onResponderRelease={[Function]}
                onResponderTerminate={[Function]}
                onResponderTerminationRequest={[Function]}
                onStartShouldSetResponder={[Function]}
                style={
                  Object {
                    "opacity": 1,
                  }
                }
              >
                <Text
                  style={
                    Array [
                      Object {
                        "color": "#4D5061",
                        "fontFamily": "apercu",
                        "fontSize": 16,
                        "marginBottom": 1,
                        "marginTop": 1,
                      },
                      Object {
                        "color": "#2980b9",
                      },
                      Object {},
                    ]
                  }
                >
                  website
                  
                </Text>
              </View>
              <Text
                style={
                  Array [
                    Object {
                      "color": "#4D5061",
                      "fontFamily": "apercu",
                      "fontSize": 16,
                      "marginBottom": 1,
                      "marginTop": 1,
                    },
                    undefined,
                  ]
                }
              >
                .
                 
              </Text>
            </View>
            <View
              accessible={true}
              focusable={true}
              onClick={[Function]}
              onResponderGrant={[Function]}
              onResponderMove={[Function]}
              onResponderRelease={[Function]}
              onResponderTerminate={[Function]}
              onResponderTerminationRequest={[Function]}
              onStartShouldSetResponder={[Function]}
              style={
                Object {
                  "backgroundColor": "transparent",
                  "opacity": 1,
                }
              }
            >
              <ViewManagerAdapter_ExpoLinearGradient
                proxiedProperties={
                  Object {
                    "colors": Array [
                      4279998859,
                      4283151357,
                    ],
                    "endPoint": Array [
                      1,
                      0,
                    ],
                    "locations": undefined,
                    "startPoint": Array [
                      0,
                      1,
                    ],
                  }
                }
                style={
                  Array [
                    Object {
                      "alignItems": "center",
                      "borderRadius": 8,
                      "elevation": 2,
                      "flexDirection": "row",
                      "justifyContent": "center",
                      "marginBottom": 5,
                      "marginTop": 5,
                      "minHeight": 55,
                      "minWidth": 150,
                      "padding": 8,
                      "paddingLeft": 16,
                      "paddingRight": 16,
                      "shadowColor": "#1B998B",
                      "shadowOffset": Object {
                        "height": 2,
                        "width": 0,
                      },
                      "shadowOpacity": 0.75,
                      "shadowRadius": 3,
                    },
                    Object {
                      "marginTop": 20,
                    },
                  ]
                }
              >
                <Text
                  style={
                    Array [
                      Object {
                        "color": "#fefefe",
                        "fontFamily": "apercu",
                        "fontSize": 20,
                        "marginBottom": 1,
                        "marginTop": 1,
                        "textAlign": "center",
                      },
                      undefined,
                    ]
                  }
                >
                  Book a StudySpace
                </Text>
              </ViewManagerAdapter_ExpoLinearGradient>
            </View>
          </View>
        </View>
      </RCTScrollView>
    </View>
  </RCTSafeAreaView>,
]
`;
