// Jest Snapshot v1, https://goo.gl/fbAQLP

exports[`NotificationsScreen does not register when the skip button is pressed 1`] = `
Array [
  Array [
    Object {
      "actions": Array [
        Object {
          "routeName": "Main",
          "type": "Navigation/NAVIGATE",
        },
      ],
      "index": 0,
      "key": null,
      "type": "Navigation/RESET",
    },
  ],
]
`;

exports[`NotificationsScreen renders the NotificationsScreen 1`] = `
Array [
  <RCTSafeAreaView
    emulateUnlessSupported={true}
    style={
      Array [
        Object {
          "flex": 0,
        },
        Object {
          "backgroundColor": "#fefefe",
        },
      ]
    }
  />,
  <RCTSafeAreaView
    emulateUnlessSupported={true}
    style={
      Array [
        Object {
          "backgroundColor": "#fefefe",
          "flex": 1,
          "flexDirection": "column",
          "height": 1334,
          "width": 750,
        },
        Object {},
      ]
    }
  >
    <View
      onLayout={[Function]}
      style={
        Array [
          Array [
            Object {
              "backgroundColor": "#fefefe",
              "flex": 1,
              "flexDirection": "column",
              "height": 1334,
              "width": 750,
            },
            null,
            Object {},
          ],
          Object {
            "paddingBottom": 0,
          },
        ]
      }
    >
      <RCTScrollView
        contentContainerStyle={
          Array [
            Object {
              "paddingLeft": 20,
              "paddingRight": 20,
              "paddingTop": 10,
            },
            Object {},
          ]
        }
        keyboardDismissMode="on-drag"
        refreshControl={null}
        style={
          Array [
            Object {
              "backgroundColor": "#fefefe",
              "flex": 1,
              "paddingLeft": 20,
              "paddingRight": 20,
            },
            Object {
              "paddingLeft": 0,
              "paddingRight": 0,
            },
            Object {},
          ]
        }
      >
        <View>
          <View
            style={
              Object {
                "height": 10,
              }
            }
          />
          <View
            style={
              Object {
                "paddingBottom": 30,
                "paddingTop": 30,
              }
            }
          >
            <Text
              style={
                Array [
                  Object {
                    "color": "#4D5061",
                    "fontFamily": "apercu-bold",
                    "fontSize": 35,
                    "marginBottom": 10,
                    "marginTop": 1,
                  },
                  Object {},
                ]
              }
            >
              Be Notified
            </Text>
            <Image
              resizeMethod="scale"
              resizeMode="contain"
              source={1}
              style={
                Array [
                  Object {
                    "alignSelf": "stretch",
                    "backgroundColor": "rgba(0,0,0,0)",
                    "flex": 1,
                    "height": undefined,
                    "marginTop": 50,
                    "width": undefined,
                  },
                  Object {
                    "height": 150,
                    "marginTop": 15,
                  },
                ]
              }
            />
            <View
              style={
                Object {
                  "marginBottom": 20,
                  "marginTop": 20,
                }
              }
            >
              <Text
                style={
                  Array [
                    Object {
                      "color": "#4D5061",
                      "fontFamily": "apercu",
                      "fontSize": 16,
                      "marginBottom": 1,
                      "marginTop": 1,
                    },
                    Object {},
                  ]
                }
              >
                Find out when there's a new feature on UCL Assistant,  when your timetable changes, or if there's an upcoming  event that might interest you.
              </Text>
            </View>
            <View
              style={
                Object {
                  "marginBottom": 30,
                }
              }
            >
              <Text
                style={
                  Array [
                    Object {
                      "color": "#4D5061",
                      "fontFamily": "apercu",
                      "fontSize": 16,
                      "marginBottom": 1,
                      "marginTop": 1,
                    },
                    Object {},
                  ]
                }
              >
                You can disable notifications later at any time.
              </Text>
            </View>
            <View
              accessible={true}
              focusable={true}
              isTVSelectable={true}
              onClick={[Function]}
              onResponderGrant={[Function]}
              onResponderMove={[Function]}
              onResponderRelease={[Function]}
              onResponderTerminate={[Function]}
              onResponderTerminationRequest={[Function]}
              onStartShouldSetResponder={[Function]}
              style={
                Object {
                  "backgroundColor": "transparent",
                  "opacity": 1,
                }
              }
            >
              <ViewManagerAdapter_ExpoLinearGradient
                proxiedProperties={
                  Object {
                    "colors": Array [
                      4279998859,
                      4283151357,
                    ],
                    "endPoint": Array [
                      1,
                      0,
                    ],
                    "locations": undefined,
                    "startPoint": Array [
                      0,
                      1,
                    ],
                  }
                }
                style={
                  Array [
                    Object {
                      "alignItems": "center",
                      "borderRadius": 8,
                      "elevation": 2,
                      "flexDirection": "row",
                      "justifyContent": "center",
                      "marginBottom": 5,
                      "marginTop": 5,
                      "minHeight": 55,
                      "minWidth": 150,
                      "padding": 8,
                      "paddingLeft": 16,
                      "paddingRight": 16,
                      "shadowColor": "#1B998B",
                      "shadowOffset": Object {
                        "height": 2,
                        "width": 0,
                      },
                      "shadowOpacity": 0.75,
                      "shadowRadius": 3,
                    },
                    Object {},
                  ]
                }
              >
                <Text
                  style={
                    Array [
                      Object {
                        "color": "#fefefe",
                        "fontFamily": "apercu",
                        "fontSize": 20,
                        "marginBottom": 1,
                        "marginTop": 1,
                        "textAlign": "center",
                      },
                      Object {},
                    ]
                  }
                >
                  Enable Notifications
                </Text>
              </ViewManagerAdapter_ExpoLinearGradient>
            </View>
            <View
              style={
                Object {
                  "flexDirection": "row",
                  "justifyContent": "center",
                  "marginBottom": 20,
                  "marginTop": 20,
                }
              }
            >
              <View
                accessible={true}
                focusable={true}
                isTVSelectable={true}
                onClick={[Function]}
                onResponderGrant={[Function]}
                onResponderMove={[Function]}
                onResponderRelease={[Function]}
                onResponderTerminate={[Function]}
                onResponderTerminationRequest={[Function]}
                onStartShouldSetResponder={[Function]}
                style={
                  Object {
                    "opacity": 1,
                  }
                }
              >
                <Text
                  style={
                    Array [
                      Object {
                        "color": "#4D5061",
                        "fontFamily": "apercu",
                        "fontSize": 16,
                        "marginBottom": 1,
                        "marginTop": 1,
                      },
                      Object {
                        "color": "#2980b9",
                      },
                      Object {},
                    ]
                  }
                >
                  Skip
                </Text>
              </View>
            </View>
          </View>
        </View>
      </RCTScrollView>
    </View>
  </RCTSafeAreaView>,
]
`;
